// Jest Snapshot v1, https://goo.gl/fbAQLP

exports[`App renderize properly 1`] = `ShallowWrapper {}`;
