// Jest Snapshot v1, https://goo.gl/fbAQLP

exports[`Categories renderize properly 1`] = `ShallowWrapper {}`;
