// Jest Snapshot v1, https://goo.gl/fbAQLP

exports[`Trivia renderize properly 1`] = `ShallowWrapper {}`;
